[INFO] Scanning for projects...
[INFO] 
[INFO] ----------------< com.imoil:formula-evaluator-service >-----------------
[INFO] Building formula-evaluator-service 0.0.1-SNAPSHOT
[INFO]   from pom.xml
[INFO] --------------------------------[ jar ]---------------------------------
[INFO] 
[INFO] --- clean:3.4.1:clean (default-clean) @ formula-evaluator-service ---
[INFO] Deleting C:\Users\imoil\repo\formula-evaluator-service\target
[INFO] 
[INFO] --- resources:3.3.1:resources (default-resources) @ formula-evaluator-service ---
[INFO] Copying 1 resource from src\main\resources to target\classes
[INFO] Copying 0 resource from src\main\resources to target\classes
[INFO] 
[INFO] --- compiler:3.13.0:compile (default-compile) @ formula-evaluator-service ---
[INFO] Recompiling the module because of changed source code.
[INFO] Compiling 16 source files with javac [debug parameters release 17] to target\classes
[INFO] Annotation processing is enabled because one or more processors were found
  on the class path. A future release of javac may disable annotation processing
  unless at least one processor is specified by name (-processor), or a search
  path is specified (--processor-path, --processor-module-path), or annotation
  processing is enabled explicitly (-proc:only, -proc:full).
  Use -Xlint:-options to suppress this message.
  Use -proc:none to disable annotation processing.
[INFO] /C:/Users/imoil/repo/formula-evaluator-service/src/main/java/com/imoil/formula/flink/RuleBroadcastProcessFunction.java: Some input files use or override a deprecated API.
[INFO] /C:/Users/imoil/repo/formula-evaluator-service/src/main/java/com/imoil/formula/flink/RuleBroadcastProcessFunction.java: Recompile with -Xlint:deprecation for details.
[INFO] Some messages have been simplified; recompile with -Xdiags:verbose to get full output
[INFO] -------------------------------------------------------------
[ERROR] COMPILATION ERROR : 
[INFO] -------------------------------------------------------------
[ERROR] /C:/Users/imoil/repo/formula-evaluator-service/src/main/java/com/imoil/formula/flink/QuestDbIlpSink.java:[31,42] incompatible types: long cannot be converted to java.time.Instant
[ERROR] /C:/Users/imoil/repo/formula-evaluator-service/src/main/java/com/imoil/formula/service/QuestDBIngestionService.java:[29,41] incompatible types: long cannot be converted to java.time.Instant
[INFO] 2 errors 
[INFO] -------------------------------------------------------------
[INFO] ------------------------------------------------------------------------
[INFO] BUILD FAILURE
[INFO] ------------------------------------------------------------------------
[INFO] Total time:  15.102 s
[INFO] Finished at: 2026-04-02T20:33:34+09:00
[INFO] ------------------------------------------------------------------------
[ERROR] Failed to execute goal org.apache.maven.plugins:maven-compiler-plugin:3.13.0:compile (default-compile) on project formula-evaluator-service: Compilation failure: Compilation failure: 
[ERROR] /C:/Users/imoil/repo/formula-evaluator-service/src/main/java/com/imoil/formula/flink/QuestDbIlpSink.java:[31,42] incompatible types: long cannot be converted to java.time.Instant
[ERROR] /C:/Users/imoil/repo/formula-evaluator-service/src/main/java/com/imoil/formula/service/QuestDBIngestionService.java:[29,41] incompatible types: long cannot be converted to java.time.Instant
[ERROR] -> [Help 1]
[ERROR] 
[ERROR] To see the full stack trace of the errors, re-run Maven with the -e switch.
[ERROR] Re-run Maven using the -X switch to enable full debug logging.
[ERROR] 
[ERROR] For more information about the errors and possible solutions, please read the following articles:
[ERROR] [Help 1] http://cwiki.apache.org/confluence/display/MAVEN/MojoFailureException
